// Jest Snapshot v1, https://goo.gl/fbAQLP

exports[`ScorecardResultDetails check order of applicable scorecard service rules being displayed 1`] = `
<WithStyles(ForwardRef(List))>
  <RuleResultDetails
    key="RuleResultDetails-5"
    ruleOutcome={
      {
        "rule": {
          "expression": "k8s != null",
          "id": 5,
          "weight": 1,
        },
        "score": 0,
        "type": "APPLICABLE",
      }
    }
  />
  <RuleResultDetails
    key="RuleResultDetails-2"
    ruleOutcome={
      {
        "rule": {
          "expression": "oncall != null",
          "id": 2,
          "title": "abc oncall",
          "weight": 1,
        },
        "score": 1,
        "type": "APPLICABLE",
      }
    }
  />
  <RuleResultDetails
    key="RuleResultDetails-4"
    ruleOutcome={
      {
        "rule": {
          "expression": "description != null",
          "id": 4,
          "weight": 1,
        },
        "score": 1,
        "type": "APPLICABLE",
      }
    }
  />
  <RuleResultDetails
    key="RuleResultDetails-1"
    ruleOutcome={
      {
        "rule": {
          "expression": "git != null",
          "id": 1,
          "weight": 1,
        },
        "score": 1,
        "type": "APPLICABLE",
      }
    }
  />
  <RuleResultDetails
    key="RuleResultDetails-6"
    ruleOutcome={
      {
        "rule": {
          "expression": "custom("my_key") != null",
          "id": 6,
          "weight": 1,
        },
        "type": "NOT_EVALUATED",
      }
    }
  />
  <RuleResultDetails
    key="RuleResultDetails-3"
    ruleOutcome={
      {
        "approvedDate": "05/05/2000",
        "requestedDate": "05/05/2000",
        "rule": {
          "expression": "documentation.count > 0",
          "id": 3,
          "weight": 1,
        },
        "type": "NOT_APPLICABLE",
      }
    }
  />
</WithStyles(ForwardRef(List))>
`;
