// Jest Snapshot v1, https://goo.gl/fbAQLP

exports[`InitiativeStatsCard should handle divide by 0 1`] = `
<StatsCard
  stats={
    [
      {
        "label": "Complete",
        "status": 2,
        "type": "PERCENTAGE",
        "value": 0,
      },
      {
        "label": "Passing",
        "status": 0,
        "value": 0,
      },
      {
        "label": "Failing",
        "status": 2,
        "value": 0,
      },
    ]
  }
/>
`;
