// Jest Snapshot v1, https://goo.gl/fbAQLP

exports[`InitiativeStatsCard should handle divide by 0 1`] = `
<WithStyles(ForwardRef(Paper))
  elevation={0}
  style={
    {
      "marginBottom": 8,
    }
  }
>
  <Stats>
    <StatsItem
      caption="Complete"
      percentage={true}
      type="PERCENTAGE"
      value={0}
    />
    <StatsItem
      caption="Passing"
      type="NONE"
      value={0}
    />
    <StatsItem
      caption="Failing"
      type="NONE"
      value={0}
    />
  </Stats>
</WithStyles(ForwardRef(Paper))>
`;
